102.209.117.55 - - [03/Dec/2025:02:43:58 +0200] "GET /.well-known/acme-challenge/letsencrypt_f686b6f1ffc5cab0fce97e0e6f56a15d HTTP/1.0" 200 3482 "-" "curl/7.61.1"
102.209.117.55 - - [03/Dec/2025:02:43:59 +0200] "GET /.well-known/acme-challenge/letsencrypt_b199b6843cdac2520bb058c6b037e2a9 HTTP/1.0" 200 3482 "-" "curl/7.61.1"
102.209.117.55 - - [03/Dec/2025:02:43:59 +0200] "GET /.well-known/acme-challenge/letsencrypt_d5adcba38b2ad8a2cef87db687f00140 HTTP/1.0" 200 3483 "-" "curl/7.61.1"
102.209.117.55 - - [03/Dec/2025:02:44:02 +0200] "GET /.well-known/acme-challenge/letsencrypt_f5c305cb714a5283e17eaa29ae720542 HTTP/1.0" 200 3482 "-" "curl/7.61.1"
105.113.65.123 - - [03/Dec/2025:03:15:26 +0200] "GET /favicon.ico HTTP/1.0" 404 3714 "https://www.invoiceflow.com.ng/" "Mozilla/5.0 (X11; Linux x86_64) AppleWebKit/537.36 (KHTML, like Gecko) Chrome/142.0.0.0 Safari/537.36"
185.247.137.239 - - [03/Dec/2025:03:47:27 +0200] "GET / HTTP/1.0" 200 3488 "https://invoiceflow.com.ng/" "Mozilla/5.0 (compatible; InternetMeasurement/1.0; +https://internet-measurement.com/)"
185.247.137.240 - - [03/Dec/2025:03:47:30 +0200] "GET /favicon.ico HTTP/1.0" 404 3713 "https://invoiceflow.com.ng/favicon.ico" "Mozilla/5.0 (compatible; InternetMeasurement/1.0; +https://internet-measurement.com/)"
157.245.245.246 - - [03/Dec/2025:03:47:33 +0200] "GET /favicon.ico HTTP/1.0" 404 3714 "https://invoiceflow.com.ng/favicon.ico" "Mozilla/5.0 (compatible; InternetMeasurement/1.0; +https://internet-measurement.com/)"
130.89.144.171 - - [03/Dec/2025:06:52:28 +0200] "GET /robots.txt HTTP/1.0" 404 3715 "-" "OI-Crawler/Nutch (https://openintel.nl/webcrawl/)"
130.89.144.171 - - [03/Dec/2025:06:52:30 +0200] "GET / HTTP/1.0" 200 3487 "-" "OI-Crawler/Nutch (https://openintel.nl/webcrawl/)"
34.124.179.115 - - [03/Dec/2025:08:54:47 +0200] "GET / HTTP/1.0" 200 3486 "-" "curl/7.83.1"
13.49.21.229 - - [03/Dec/2025:09:18:20 +0200] "GET / HTTP/1.0" 200 3487 "-" "Mozilla/5.0 (Windows NT 10.0; Win64; x64) Chrome/91.0.4472.124"
149.57.180.124 - - [03/Dec/2025:10:01:06 +0200] "GET / HTTP/1.0" 200 3488 "-" "Mozilla/5.0 (X11; Linux i686; rv:109.0) Gecko/20100101 Firefox/120.0"
149.57.180.7 - - [03/Dec/2025:10:06:40 +0200] "GET / HTTP/1.0" 200 3488 "-" "Mozilla/5.0 (X11; Linux i686; rv:109.0) Gecko/20100101 Firefox/120.0"
149.57.180.159 - - [03/Dec/2025:10:33:40 +0200] "GET / HTTP/1.0" 200 3487 "-" "Mozilla/5.0 (X11; Linux i686; rv:109.0) Gecko/20100101 Firefox/120.0"
197.211.52.66 - - [03/Dec/2025:15:31:50 +0200] "GET /favicon.ico HTTP/1.0" 404 3714 "https://www.invoiceflow.com.ng/" "Mozilla/5.0 (X11; Linux x86_64) AppleWebKit/537.36 (KHTML, like Gecko) Chrome/142.0.0.0 Safari/537.36"
197.211.52.66 - - [03/Dec/2025:15:32:13 +0200] "GET / HTTP/1.0" 200 3486 "https://www.invoiceflow.com.ng/pricing/" "Mozilla/5.0 (X11; Linux x86_64) AppleWebKit/537.36 (KHTML, like Gecko) Chrome/142.0.0.0 Safari/537.36"
46.173.80.153 - - [03/Dec/2025:15:43:53 +0200] "GET / HTTP/1.0" 200 3486 "-" "Mozilla/5.0 (X11; Fedora; Linux x86_64; rv:89.0) Gecko/20100101 Firefox/89.0"
44.220.64.81 - - [03/Dec/2025:15:44:09 +0200] "GET / HTTP/1.0" 200 3486 "-" "Mozilla/5.0 (Windows NT 10.0; Win64; x64) AppleWebKit/537.36 (KHTML, like Gecko) Chrome/135.0.0.0 Safari/537.36"
44.220.64.81 - - [03/Dec/2025:15:44:10 +0200] "GET /favicon.ico HTTP/1.0" 404 1051 "https://www.invoiceflow.com.ng/" "Mozilla/5.0 (Windows NT 10.0; Win64; x64) AppleWebKit/537.36 (KHTML, like Gecko) Chrome/135.0.0.0 Safari/537.36"
23.22.160.228 - - [03/Dec/2025:15:44:16 +0200] "GET / HTTP/1.0" 200 3486 "-" "Mozilla/5.0 (Windows NT 10.0; Win64; x64) AppleWebKit/537.36 (KHTML, like Gecko) Chrome/135.0.0.0 Safari/537.36"
23.22.160.228 - - [03/Dec/2025:15:44:17 +0200] "GET /favicon.ico HTTP/1.0" 404 3714 "https://www.invoiceflow.com.ng/" "Mozilla/5.0 (Windows NT 10.0; Win64; x64) AppleWebKit/537.36 (KHTML, like Gecko) Chrome/135.0.0.0 Safari/537.36"
157.173.122.176 - - [03/Dec/2025:16:23:45 +0200] "GET / HTTP/1.0" 200 3488 "-" "Mozilla/5.0 (Windows NT 10.0; Win64; x64) AppleWebKit/537.36 (KHTML, like Gecko) Chrome/91.0.4472.114 Safari/537.36 Edg/91.0.864.54"
35.230.112.28 - - [03/Dec/2025:16:28:04 +0200] "GET / HTTP/1.0" 200 3488 "http://www.invoiceflow.com.ng" "Mozilla/5.0 (compatible; CMS-Checker/1.0; +https://example.com)"
23.27.145.241 - - [03/Dec/2025:16:40:55 +0200] "GET / HTTP/1.0" 200 3487 "-" "Mozilla/5.0 (X11; Linux i686; rv:109.0) Gecko/20100101 Firefox/120.0"
197.211.59.52 - - [03/Dec/2025:17:33:53 +0200] "GET / HTTP/1.0" 200 3488 "https://www.invoiceflow.com.ng/pricing/" "Mozilla/5.0 (X11; Linux x86_64) AppleWebKit/537.36 (KHTML, like Gecko) Chrome/142.0.0.0 Safari/537.36"
197.211.59.52 - - [03/Dec/2025:17:35:25 +0200] "GET / HTTP/1.0" 200 3488 "https://www.invoiceflow.com.ng/pricing/" "Mozilla/5.0 (X11; Linux x86_64) AppleWebKit/537.36 (KHTML, like Gecko) Chrome/142.0.0.0 Safari/537.36"
197.211.59.52 - - [03/Dec/2025:17:39:26 +0200] "GET / HTTP/1.0" 200 3488 "-" "Mozilla/5.0 (X11; Linux x86_64) AppleWebKit/537.36 (KHTML, like Gecko) Chrome/142.0.0.0 Safari/537.36"
197.211.59.52 - - [03/Dec/2025:17:40:29 +0200] "GET / HTTP/1.0" 200 3487 "-" "Mozilla/5.0 (X11; Linux x86_64) AppleWebKit/537.36 (KHTML, like Gecko) Chrome/142.0.0.0 Safari/537.36"
35.197.118.178 - - [03/Dec/2025:17:43:47 +0200] "GET /.well-known/render/reachability HTTP/1.0" 404 3713 "https://invoiceflow.com.ng:443/.well-known/render/reachability" "Render Domain Verifier"
104.23.2.170 - - [03/Dec/2025:17:43:53 +0200] "GET /.well-known/cf-custom-hostname-challenge/baa394c3-f56f-47bb-930b-9966808d69c9 HTTP/1.0" 404 3715 "http://www.invoiceflow.com.ng/.well-known/cf-custom-hostname-challenge/baa394c3-f56f-47bb-930b-9966808d69c9" "Cloudflare Custom Hostname Verification"
104.23.2.170 - - [03/Dec/2025:17:43:53 +0200] "GET /.well-known/cf-custom-hostname-challenge/baa394c3-f56f-47bb-930b-9966808d69c9 HTTP/1.0" 404 3715 "http://www.invoiceflow.com.ng/.well-known/cf-custom-hostname-challenge/baa394c3-f56f-47bb-930b-9966808d69c9" "Cloudflare Custom Hostname Verification"
35.230.74.10 - - [03/Dec/2025:17:43:58 +0200] "GET /.well-known/render/reachability HTTP/1.0" 404 3715 "https://invoiceflow.com.ng:443/.well-known/render/reachability" "Render Domain Verifier"
172.70.15.145 - - [03/Dec/2025:17:44:10 +0200] "GET /.well-known/cf-custom-hostname-challenge/178816bd-ba24-4e39-8762-a85eb9ea2500 HTTP/1.0" 404 3713 "https://invoiceflow.com.ng/.well-known/cf-custom-hostname-challenge/178816bd-ba24-4e39-8762-a85eb9ea2500" "Cloudflare Custom Hostname Verification"
172.70.15.145 - - [03/Dec/2025:17:44:11 +0200] "GET /.well-known/cf-custom-hostname-challenge/178816bd-ba24-4e39-8762-a85eb9ea2500 HTTP/1.0" 404 3714 "https://invoiceflow.com.ng/.well-known/cf-custom-hostname-challenge/178816bd-ba24-4e39-8762-a85eb9ea2500" "Cloudflare Custom Hostname Verification"
34.82.80.145 - - [03/Dec/2025:17:44:14 +0200] "GET /.well-known/render/reachability HTTP/1.0" 404 3713 "https://invoiceflow.com.ng:443/.well-known/render/reachability" "Render Domain Verifier"
35.197.118.178 - - [03/Dec/2025:17:44:38 +0200] "GET /.well-known/render/reachability HTTP/1.0" 404 3715 "https://invoiceflow.com.ng:443/.well-known/render/reachability" "Render Domain Verifier"
104.23.2.170 - - [03/Dec/2025:17:45:14 +0200] "GET /.well-known/cf-custom-hostname-challenge/baa394c3-f56f-47bb-930b-9966808d69c9 HTTP/1.0" 404 3713 "http://www.invoiceflow.com.ng/.well-known/cf-custom-hostname-challenge/baa394c3-f56f-47bb-930b-9966808d69c9" "Cloudflare Custom Hostname Verification"
35.197.118.178 - - [03/Dec/2025:17:45:14 +0200] "GET /.well-known/render/reachability HTTP/1.0" 404 3715 "https://invoiceflow.com.ng:443/.well-known/render/reachability" "Render Domain Verifier"
104.23.2.170 - - [03/Dec/2025:17:45:15 +0200] "GET /.well-known/cf-custom-hostname-challenge/baa394c3-f56f-47bb-930b-9966808d69c9 HTTP/1.0" 404 1051 "http://www.invoiceflow.com.ng/.well-known/cf-custom-hostname-challenge/baa394c3-f56f-47bb-930b-9966808d69c9" "Cloudflare Custom Hostname Verification"
195.123.244.84 - - [03/Dec/2025:17:45:15 +0200] "HEAD / HTTP/1.0" 200 3555 "https://invoiceflow.com.ng/" "Mozilla/5.0 (X11; Linux x86_64) AppleWebKit/537.36 (KHTML, like Gecko) Chrome/91.0.4472.124 Safari/537.36"
195.123.244.84 - - [03/Dec/2025:17:45:17 +0200] "GET / HTTP/1.0" 200 3487 "https://invoiceflow.com.ng/" "Mozilla/5.0 (Windows NT 10.0; Win64; x64; rv:123.0) Gecko/20100101 Firefox/123.0"
104.23.11.4 - - [03/Dec/2025:17:45:22 +0200] "GET /.well-known/cf-custom-hostname-challenge/178816bd-ba24-4e39-8762-a85eb9ea2500 HTTP/1.0" 404 3713 "https://invoiceflow.com.ng/.well-known/cf-custom-hostname-challenge/178816bd-ba24-4e39-8762-a85eb9ea2500" "Cloudflare Custom Hostname Verification"
34.72.176.129 - - [03/Dec/2025:17:46:00 +0200] "GET / HTTP/1.0" 200 3487 "-" "Mozilla/5.0 (X11; Linux x86_64) AppleWebKit/537.36 (KHTML, like Gecko) Chrome/125.0.0.0 Safari/537.36"
35.247.111.159 - - [03/Dec/2025:17:46:12 +0200] "GET /.well-known/render/reachability HTTP/1.0" 404 3714 "https://invoiceflow.com.ng:443/.well-known/render/reachability" "Render Domain Verifier"
172.69.25.87 - - [03/Dec/2025:17:46:24 +0200] "GET /.well-known/cf-custom-hostname-challenge/baa394c3-f56f-47bb-930b-9966808d69c9 HTTP/1.0" 404 3715 "http://www.invoiceflow.com.ng/.well-known/cf-custom-hostname-challenge/baa394c3-f56f-47bb-930b-9966808d69c9" "Cloudflare Custom Hostname Verification"
172.69.25.87 - - [03/Dec/2025:17:46:24 +0200] "GET /.well-known/cf-custom-hostname-challenge/baa394c3-f56f-47bb-930b-9966808d69c9 HTTP/1.0" 404 1051 "http://www.invoiceflow.com.ng/.well-known/cf-custom-hostname-challenge/baa394c3-f56f-47bb-930b-9966808d69c9" "Cloudflare Custom Hostname Verification"
104.22.243.203 - - [03/Dec/2025:17:46:41 +0200] "GET /.well-known/cf-custom-hostname-challenge/178816bd-ba24-4e39-8762-a85eb9ea2500 HTTP/1.0" 404 3714 "https://invoiceflow.com.ng/.well-known/cf-custom-hostname-challenge/178816bd-ba24-4e39-8762-a85eb9ea2500" "Cloudflare Custom Hostname Verification"
104.22.243.203 - - [03/Dec/2025:17:46:41 +0200] "GET /.well-known/cf-custom-hostname-challenge/178816bd-ba24-4e39-8762-a85eb9ea2500 HTTP/1.0" 404 1051 "https://invoiceflow.com.ng/.well-known/cf-custom-hostname-challenge/178816bd-ba24-4e39-8762-a85eb9ea2500" "Cloudflare Custom Hostname Verification"
172.70.21.211 - - [03/Dec/2025:17:47:55 +0200] "GET /.well-known/cf-custom-hostname-challenge/178816bd-ba24-4e39-8762-a85eb9ea2500 HTTP/1.0" 404 3713 "https://invoiceflow.com.ng/.well-known/cf-custom-hostname-challenge/178816bd-ba24-4e39-8762-a85eb9ea2500" "Cloudflare Custom Hostname Verification"
172.70.21.211 - - [03/Dec/2025:17:47:55 +0200] "GET /.well-known/cf-custom-hostname-challenge/178816bd-ba24-4e39-8762-a85eb9ea2500 HTTP/1.0" 404 1051 "https://invoiceflow.com.ng/.well-known/cf-custom-hostname-challenge/178816bd-ba24-4e39-8762-a85eb9ea2500" "Cloudflare Custom Hostname Verification"
172.70.21.20 - - [03/Dec/2025:17:47:58 +0200] "GET /.well-known/cf-custom-hostname-challenge/baa394c3-f56f-47bb-930b-9966808d69c9 HTTP/1.0" 404 3714 "http://www.invoiceflow.com.ng/.well-known/cf-custom-hostname-challenge/baa394c3-f56f-47bb-930b-9966808d69c9" "Cloudflare Custom Hostname Verification"
172.70.21.20 - - [03/Dec/2025:17:47:59 +0200] "GET /.well-known/cf-custom-hostname-challenge/baa394c3-f56f-47bb-930b-9966808d69c9 HTTP/1.0" 404 3714 "http://www.invoiceflow.com.ng/.well-known/cf-custom-hostname-challenge/baa394c3-f56f-47bb-930b-9966808d69c9" "Cloudflare Custom Hostname Verification"
104.23.2.114 - - [03/Dec/2025:17:49:24 +0200] "GET /.well-known/cf-custom-hostname-challenge/178816bd-ba24-4e39-8762-a85eb9ea2500 HTTP/1.0" 404 3713 "https://invoiceflow.com.ng/.well-known/cf-custom-hostname-challenge/178816bd-ba24-4e39-8762-a85eb9ea2500" "Cloudflare Custom Hostname Verification"
104.23.2.114 - - [03/Dec/2025:17:49:24 +0200] "GET /.well-known/cf-custom-hostname-challenge/178816bd-ba24-4e39-8762-a85eb9ea2500 HTTP/1.0" 404 1051 "https://invoiceflow.com.ng/.well-known/cf-custom-hostname-challenge/178816bd-ba24-4e39-8762-a85eb9ea2500" "Cloudflare Custom Hostname Verification"
172.70.21.20 - - [03/Dec/2025:17:49:26 +0200] "GET /.well-known/cf-custom-hostname-challenge/baa394c3-f56f-47bb-930b-9966808d69c9 HTTP/1.0" 404 3713 "http://www.invoiceflow.com.ng/.well-known/cf-custom-hostname-challenge/baa394c3-f56f-47bb-930b-9966808d69c9" "Cloudflare Custom Hostname Verification"
172.70.21.20 - - [03/Dec/2025:17:49:27 +0200] "GET /.well-known/cf-custom-hostname-challenge/baa394c3-f56f-47bb-930b-9966808d69c9 HTTP/1.0" 404 3714 "http://www.invoiceflow.com.ng/.well-known/cf-custom-hostname-challenge/baa394c3-f56f-47bb-930b-9966808d69c9" "Cloudflare Custom Hostname Verification"
172.70.21.211 - - [03/Dec/2025:17:50:54 +0200] "GET /.well-known/cf-custom-hostname-challenge/178816bd-ba24-4e39-8762-a85eb9ea2500 HTTP/1.0" 404 3715 "https://invoiceflow.com.ng/.well-known/cf-custom-hostname-challenge/178816bd-ba24-4e39-8762-a85eb9ea2500" "Cloudflare Custom Hostname Verification"
172.70.17.143 - - [03/Dec/2025:17:51:01 +0200] "GET /.well-known/cf-custom-hostname-challenge/baa394c3-f56f-47bb-930b-9966808d69c9 HTTP/1.0" 404 3715 "http://www.invoiceflow.com.ng/.well-known/cf-custom-hostname-challenge/baa394c3-f56f-47bb-930b-9966808d69c9" "Cloudflare Custom Hostname Verification"
172.70.17.143 - - [03/Dec/2025:17:51:01 +0200] "GET /.well-known/cf-custom-hostname-challenge/baa394c3-f56f-47bb-930b-9966808d69c9 HTTP/1.0" 404 3715 "http://www.invoiceflow.com.ng/.well-known/cf-custom-hostname-challenge/baa394c3-f56f-47bb-930b-9966808d69c9" "Cloudflare Custom Hostname Verification"
172.70.65.81 - - [03/Dec/2025:17:52:24 +0200] "GET /.well-known/cf-custom-hostname-challenge/baa394c3-f56f-47bb-930b-9966808d69c9 HTTP/1.0" 404 3714 "http://www.invoiceflow.com.ng/.well-known/cf-custom-hostname-challenge/baa394c3-f56f-47bb-930b-9966808d69c9" "Cloudflare Custom Hostname Verification"
172.70.65.81 - - [03/Dec/2025:17:52:24 +0200] "GET /.well-known/cf-custom-hostname-challenge/baa394c3-f56f-47bb-930b-9966808d69c9 HTTP/1.0" 404 1051 "http://www.invoiceflow.com.ng/.well-known/cf-custom-hostname-challenge/baa394c3-f56f-47bb-930b-9966808d69c9" "Cloudflare Custom Hostname Verification"
172.70.15.145 - - [03/Dec/2025:17:52:29 +0200] "GET /.well-known/cf-custom-hostname-challenge/178816bd-ba24-4e39-8762-a85eb9ea2500 HTTP/1.0" 404 3714 "https://invoiceflow.com.ng/.well-known/cf-custom-hostname-challenge/178816bd-ba24-4e39-8762-a85eb9ea2500" "Cloudflare Custom Hostname Verification"
172.70.21.20 - - [03/Dec/2025:17:54:06 +0200] "GET /.well-known/cf-custom-hostname-challenge/baa394c3-f56f-47bb-930b-9966808d69c9 HTTP/1.0" 404 3715 "http://www.invoiceflow.com.ng/.well-known/cf-custom-hostname-challenge/baa394c3-f56f-47bb-930b-9966808d69c9" "Cloudflare Custom Hostname Verification"
172.70.21.20 - - [03/Dec/2025:17:54:06 +0200] "GET /.well-known/cf-custom-hostname-challenge/baa394c3-f56f-47bb-930b-9966808d69c9 HTTP/1.0" 404 1051 "http://www.invoiceflow.com.ng/.well-known/cf-custom-hostname-challenge/baa394c3-f56f-47bb-930b-9966808d69c9" "Cloudflare Custom Hostname Verification"
172.70.15.145 - - [03/Dec/2025:17:55:47 +0200] "GET /.well-known/cf-custom-hostname-challenge/baa394c3-f56f-47bb-930b-9966808d69c9 HTTP/1.0" 404 3714 "http://www.invoiceflow.com.ng/.well-known/cf-custom-hostname-challenge/baa394c3-f56f-47bb-930b-9966808d69c9" "Cloudflare Custom Hostname Verification"
172.70.15.145 - - [03/Dec/2025:17:55:47 +0200] "GET /.well-known/cf-custom-hostname-challenge/baa394c3-f56f-47bb-930b-9966808d69c9 HTTP/1.0" 404 1051 "http://www.invoiceflow.com.ng/.well-known/cf-custom-hostname-challenge/baa394c3-f56f-47bb-930b-9966808d69c9" "Cloudflare Custom Hostname Verification"
104.23.10.38 - - [03/Dec/2025:17:57:23 +0200] "GET /.well-known/cf-custom-hostname-challenge/178816bd-ba24-4e39-8762-a85eb9ea2500 HTTP/1.0" 404 3714 "https://invoiceflow.com.ng/.well-known/cf-custom-hostname-challenge/178816bd-ba24-4e39-8762-a85eb9ea2500" "Cloudflare Custom Hostname Verification"
104.23.10.38 - - [03/Dec/2025:17:57:23 +0200] "GET /.well-known/cf-custom-hostname-challenge/178816bd-ba24-4e39-8762-a85eb9ea2500 HTTP/1.0" 404 1051 "https://invoiceflow.com.ng/.well-known/cf-custom-hostname-challenge/178816bd-ba24-4e39-8762-a85eb9ea2500" "Cloudflare Custom Hostname Verification"
172.70.21.211 - - [03/Dec/2025:17:57:29 +0200] "GET /.well-known/cf-custom-hostname-challenge/baa394c3-f56f-47bb-930b-9966808d69c9 HTTP/1.0" 404 3714 "http://www.invoiceflow.com.ng/.well-known/cf-custom-hostname-challenge/baa394c3-f56f-47bb-930b-9966808d69c9" "Cloudflare Custom Hostname Verification"
172.70.21.211 - - [03/Dec/2025:17:57:29 +0200] "GET /.well-known/cf-custom-hostname-challenge/baa394c3-f56f-47bb-930b-9966808d69c9 HTTP/1.0" 404 1051 "http://www.invoiceflow.com.ng/.well-known/cf-custom-hostname-challenge/baa394c3-f56f-47bb-930b-9966808d69c9" "Cloudflare Custom Hostname Verification"
104.22.243.203 - - [03/Dec/2025:17:59:15 +0200] "GET /.well-known/cf-custom-hostname-challenge/178816bd-ba24-4e39-8762-a85eb9ea2500 HTTP/1.0" 404 3713 "https://invoiceflow.com.ng/.well-known/cf-custom-hostname-challenge/178816bd-ba24-4e39-8762-a85eb9ea2500" "Cloudflare Custom Hostname Verification"
104.22.243.203 - - [03/Dec/2025:17:59:16 +0200] "GET /.well-known/cf-custom-hostname-challenge/178816bd-ba24-4e39-8762-a85eb9ea2500 HTTP/1.0" 404 3715 "https://invoiceflow.com.ng/.well-known/cf-custom-hostname-challenge/178816bd-ba24-4e39-8762-a85eb9ea2500" "Cloudflare Custom Hostname Verification"
104.23.2.170 - - [03/Dec/2025:17:59:24 +0200] "GET /.well-known/cf-custom-hostname-challenge/baa394c3-f56f-47bb-930b-9966808d69c9 HTTP/1.0" 404 3714 "http://www.invoiceflow.com.ng/.well-known/cf-custom-hostname-challenge/baa394c3-f56f-47bb-930b-9966808d69c9" "Cloudflare Custom Hostname Verification"
172.70.65.81 - - [03/Dec/2025:18:03:34 +0200] "GET /.well-known/cf-custom-hostname-challenge/178816bd-ba24-4e39-8762-a85eb9ea2500 HTTP/1.0" 404 3715 "https://invoiceflow.com.ng/.well-known/cf-custom-hostname-challenge/178816bd-ba24-4e39-8762-a85eb9ea2500" "Cloudflare Custom Hostname Verification"
172.70.64.152 - - [03/Dec/2025:18:03:42 +0200] "GET /.well-known/cf-custom-hostname-challenge/baa394c3-f56f-47bb-930b-9966808d69c9 HTTP/1.0" 404 3714 "http://www.invoiceflow.com.ng/.well-known/cf-custom-hostname-challenge/baa394c3-f56f-47bb-930b-9966808d69c9" "Cloudflare Custom Hostname Verification"
172.70.64.152 - - [03/Dec/2025:18:03:42 +0200] "GET /.well-known/cf-custom-hostname-challenge/baa394c3-f56f-47bb-930b-9966808d69c9 HTTP/1.0" 404 3715 "http://www.invoiceflow.com.ng/.well-known/cf-custom-hostname-challenge/baa394c3-f56f-47bb-930b-9966808d69c9" "Cloudflare Custom Hostname Verification"
34.82.57.203 - - [03/Dec/2025:18:05:12 +0200] "GET /.well-known/render/reachability HTTP/1.0" 404 3714 "http://www.invoiceflow.com.ng:80/.well-known/render/reachability" "Render Domain Verifier"
35.230.74.10 - - [03/Dec/2025:18:05:23 +0200] "GET /.well-known/render/reachability HTTP/1.0" 404 3714 "http://www.invoiceflow.com.ng:80/.well-known/render/reachability" "Render Domain Verifier"
34.82.80.145 - - [03/Dec/2025:18:05:38 +0200] "GET /.well-known/render/reachability HTTP/1.0" 404 3715 "http://www.invoiceflow.com.ng:80/.well-known/render/reachability" "Render Domain Verifier"
34.82.80.145 - - [03/Dec/2025:18:06:00 +0200] "GET /.well-known/render/reachability HTTP/1.0" 404 3715 "http://www.invoiceflow.com.ng:80/.well-known/render/reachability" "Render Domain Verifier"
35.230.74.10 - - [03/Dec/2025:18:06:03 +0200] "GET /.well-known/render/reachability HTTP/1.0" 404 3715 "https://invoiceflow.com.ng:443/.well-known/render/reachability" "Render Domain Verifier"
35.230.45.39 - - [03/Dec/2025:18:06:37 +0200] "GET /.well-known/render/reachability HTTP/1.0" 404 3714 "http://www.invoiceflow.com.ng:80/.well-known/render/reachability" "Render Domain Verifier"
34.82.57.203 - - [03/Dec/2025:18:07:34 +0200] "GET /.well-known/render/reachability HTTP/1.0" 404 3714 "http://www.invoiceflow.com.ng:80/.well-known/render/reachability" "Render Domain Verifier"
35.197.80.206 - - [03/Dec/2025:18:07:38 +0200] "GET /.well-known/render/reachability HTTP/1.0" 404 3713 "https://invoiceflow.com.ng:443/.well-known/render/reachability" "Render Domain Verifier"
35.197.80.206 - - [03/Dec/2025:18:07:51 +0200] "GET /.well-known/render/reachability HTTP/1.0" 404 3714 "https://invoiceflow.com.ng:443/.well-known/render/reachability" "Render Domain Verifier"
35.227.183.65 - - [03/Dec/2025:18:07:53 +0200] "GET /.well-known/render/reachability HTTP/1.0" 404 3714 "http://www.invoiceflow.com.ng:80/.well-known/render/reachability" "Render Domain Verifier"
34.82.80.145 - - [03/Dec/2025:18:08:02 +0200] "GET /.well-known/render/reachability HTTP/1.0" 404 3714 "https://invoiceflow.com.ng:443/.well-known/render/reachability" "Render Domain Verifier"
35.230.74.10 - - [03/Dec/2025:18:08:02 +0200] "GET /.well-known/render/reachability HTTP/1.0" 404 3713 "http://www.invoiceflow.com.ng:80/.well-known/render/reachability" "Render Domain Verifier"
34.82.41.62 - - [03/Dec/2025:18:08:17 +0200] "GET /.well-known/render/reachability HTTP/1.0" 404 3713 "http://www.invoiceflow.com.ng:80/.well-known/render/reachability" "Render Domain Verifier"
35.227.183.65 - - [03/Dec/2025:18:08:18 +0200] "GET /.well-known/render/reachability HTTP/1.0" 404 3714 "https://invoiceflow.com.ng:443/.well-known/render/reachability" "Render Domain Verifier"
172.70.17.143 - - [03/Dec/2025:18:08:27 +0200] "GET /.well-known/cf-custom-hostname-challenge/178816bd-ba24-4e39-8762-a85eb9ea2500 HTTP/1.0" 404 3715 "https://invoiceflow.com.ng/.well-known/cf-custom-hostname-challenge/178816bd-ba24-4e39-8762-a85eb9ea2500" "Cloudflare Custom Hostname Verification"
172.70.17.143 - - [03/Dec/2025:18:08:27 +0200] "GET /.well-known/cf-custom-hostname-challenge/178816bd-ba24-4e39-8762-a85eb9ea2500 HTTP/1.0" 404 1051 "https://invoiceflow.com.ng/.well-known/cf-custom-hostname-challenge/178816bd-ba24-4e39-8762-a85eb9ea2500" "Cloudflare Custom Hostname Verification"
172.70.21.20 - - [03/Dec/2025:18:08:36 +0200] "GET /.well-known/cf-custom-hostname-challenge/baa394c3-f56f-47bb-930b-9966808d69c9 HTTP/1.0" 404 3715 "http://www.invoiceflow.com.ng/.well-known/cf-custom-hostname-challenge/baa394c3-f56f-47bb-930b-9966808d69c9" "Cloudflare Custom Hostname Verification"
35.230.74.10 - - [03/Dec/2025:18:08:40 +0200] "GET /.well-known/render/reachability HTTP/1.0" 404 3715 "http://www.invoiceflow.com.ng:80/.well-known/render/reachability" "Render Domain Verifier"
34.82.41.62 - - [03/Dec/2025:18:08:42 +0200] "GET /.well-known/render/reachability HTTP/1.0" 404 3714 "https://invoiceflow.com.ng:443/.well-known/render/reachability" "Render Domain Verifier"
35.230.45.39 - - [03/Dec/2025:18:09:18 +0200] "GET /.well-known/render/reachability HTTP/1.0" 404 3713 "https://invoiceflow.com.ng:443/.well-known/render/reachability" "Render Domain Verifier"
35.197.80.206 - - [03/Dec/2025:18:09:53 +0200] "GET /.well-known/render/reachability HTTP/1.0" 404 3715 "https://invoiceflow.com.ng:443/.well-known/render/reachability" "Render Domain Verifier"
34.82.80.145 - - [03/Dec/2025:18:10:16 +0200] "GET /.well-known/render/reachability HTTP/1.0" 404 3715 "https://invoiceflow.com.ng:443/.well-known/render/reachability" "Render Domain Verifier"
172.70.67.20 - - [03/Dec/2025:18:14:04 +0200] "GET /.well-known/cf-custom-hostname-challenge/178816bd-ba24-4e39-8762-a85eb9ea2500 HTTP/1.0" 404 3715 "https://invoiceflow.com.ng/.well-known/cf-custom-hostname-challenge/178816bd-ba24-4e39-8762-a85eb9ea2500" "Cloudflare Custom Hostname Verification"
172.70.64.152 - - [03/Dec/2025:18:14:07 +0200] "GET /.well-known/cf-custom-hostname-challenge/baa394c3-f56f-47bb-930b-9966808d69c9 HTTP/1.0" 404 3715 "http://www.invoiceflow.com.ng/.well-known/cf-custom-hostname-challenge/baa394c3-f56f-47bb-930b-9966808d69c9" "Cloudflare Custom Hostname Verification"
172.70.64.152 - - [03/Dec/2025:18:14:07 +0200] "GET /.well-known/cf-custom-hostname-challenge/baa394c3-f56f-47bb-930b-9966808d69c9 HTTP/1.0" 404 3715 "http://www.invoiceflow.com.ng/.well-known/cf-custom-hostname-challenge/baa394c3-f56f-47bb-930b-9966808d69c9" "Cloudflare Custom Hostname Verification"
35.227.183.65 - - [03/Dec/2025:18:14:53 +0200] "GET /.well-known/render/reachability HTTP/1.0" 404 3714 "http://www.invoiceflow.com.ng:80/.well-known/render/reachability" "Render Domain Verifier"
172.70.65.6 - - [03/Dec/2025:18:14:56 +0200] "GET /.well-known/cf-custom-hostname-challenge/7fd19c66-e0be-4685-92a4-b1477167c0c6 HTTP/1.0" 404 3715 "https://invoiceflow.com.ng/.well-known/cf-custom-hostname-challenge/7fd19c66-e0be-4685-92a4-b1477167c0c6" "Cloudflare Custom Hostname Verification"
172.70.65.6 - - [03/Dec/2025:18:14:57 +0200] "GET /.well-known/cf-custom-hostname-challenge/487c7e5a-326a-4f47-816c-bcaeccfe6bf2 HTTP/1.0" 404 3715 "http://www.invoiceflow.com.ng/.well-known/cf-custom-hostname-challenge/487c7e5a-326a-4f47-816c-bcaeccfe6bf2" "Cloudflare Custom Hostname Verification"
172.70.17.143 - - [03/Dec/2025:18:16:07 +0200] "GET /.well-known/cf-custom-hostname-challenge/487c7e5a-326a-4f47-816c-bcaeccfe6bf2 HTTP/1.0" 404 3714 "http://www.invoiceflow.com.ng/.well-known/cf-custom-hostname-challenge/487c7e5a-326a-4f47-816c-bcaeccfe6bf2" "Cloudflare Custom Hostname Verification"
172.70.17.143 - - [03/Dec/2025:18:16:07 +0200] "GET /.well-known/cf-custom-hostname-challenge/487c7e5a-326a-4f47-816c-bcaeccfe6bf2 HTTP/1.0" 404 1051 "http://www.invoiceflow.com.ng/.well-known/cf-custom-hostname-challenge/487c7e5a-326a-4f47-816c-bcaeccfe6bf2" "Cloudflare Custom Hostname Verification"
172.70.64.152 - - [03/Dec/2025:18:16:12 +0200] "GET /.well-known/cf-custom-hostname-challenge/7fd19c66-e0be-4685-92a4-b1477167c0c6 HTTP/1.0" 404 3714 "https://invoiceflow.com.ng/.well-known/cf-custom-hostname-challenge/7fd19c66-e0be-4685-92a4-b1477167c0c6" "Cloudflare Custom Hostname Verification"
197.211.59.52 - - [03/Dec/2025:18:17:00 +0200] "GET / HTTP/1.0" 200 3487 "-" "Mozilla/5.0 (X11; Linux x86_64) AppleWebKit/537.36 (KHTML, like Gecko) Chrome/140.0.0.0 Safari/537.36 OPR/124.0.0.0"
104.23.2.114 - - [03/Dec/2025:18:17:17 +0200] "GET /.well-known/cf-custom-hostname-challenge/487c7e5a-326a-4f47-816c-bcaeccfe6bf2 HTTP/1.0" 404 3713 "http://www.invoiceflow.com.ng/.well-known/cf-custom-hostname-challenge/487c7e5a-326a-4f47-816c-bcaeccfe6bf2" "Cloudflare Custom Hostname Verification"
104.23.2.114 - - [03/Dec/2025:18:17:17 +0200] "GET /.well-known/cf-custom-hostname-challenge/487c7e5a-326a-4f47-816c-bcaeccfe6bf2 HTTP/1.0" 404 1051 "http://www.invoiceflow.com.ng/.well-known/cf-custom-hostname-challenge/487c7e5a-326a-4f47-816c-bcaeccfe6bf2" "Cloudflare Custom Hostname Verification"
172.70.67.20 - - [03/Dec/2025:18:17:30 +0200] "GET /.well-known/cf-custom-hostname-challenge/7fd19c66-e0be-4685-92a4-b1477167c0c6 HTTP/1.0" 404 3714 "https://invoiceflow.com.ng/.well-known/cf-custom-hostname-challenge/7fd19c66-e0be-4685-92a4-b1477167c0c6" "Cloudflare Custom Hostname Verification"
104.23.2.55 - - [03/Dec/2025:18:18:47 +0200] "GET /.well-known/cf-custom-hostname-challenge/487c7e5a-326a-4f47-816c-bcaeccfe6bf2 HTTP/1.0" 404 3713 "http://www.invoiceflow.com.ng/.well-known/cf-custom-hostname-challenge/487c7e5a-326a-4f47-816c-bcaeccfe6bf2" "Cloudflare Custom Hostname Verification"
104.23.2.55 - - [03/Dec/2025:18:18:47 +0200] "GET /.well-known/cf-custom-hostname-challenge/487c7e5a-326a-4f47-816c-bcaeccfe6bf2 HTTP/1.0" 404 3714 "http://www.invoiceflow.com.ng/.well-known/cf-custom-hostname-challenge/487c7e5a-326a-4f47-816c-bcaeccfe6bf2" "Cloudflare Custom Hostname Verification"
172.70.64.152 - - [03/Dec/2025:18:18:56 +0200] "GET /.well-known/cf-custom-hostname-challenge/7fd19c66-e0be-4685-92a4-b1477167c0c6 HTTP/1.0" 404 3714 "https://invoiceflow.com.ng/.well-known/cf-custom-hostname-challenge/7fd19c66-e0be-4685-92a4-b1477167c0c6" "Cloudflare Custom Hostname Verification"
172.70.64.152 - - [03/Dec/2025:18:18:56 +0200] "GET /.well-known/cf-custom-hostname-challenge/7fd19c66-e0be-4685-92a4-b1477167c0c6 HTTP/1.0" 404 3714 "https://invoiceflow.com.ng/.well-known/cf-custom-hostname-challenge/7fd19c66-e0be-4685-92a4-b1477167c0c6" "Cloudflare Custom Hostname Verification"
197.211.59.52 - - [03/Dec/2025:18:20:14 +0200] "GET / HTTP/1.0" 200 3486 "-" "Mozilla/5.0 (X11; Linux x86_64) AppleWebKit/537.36 (KHTML, like Gecko) Chrome/140.0.0.0 Safari/537.36 OPR/124.0.0.0"
172.69.25.87 - - [03/Dec/2025:18:20:24 +0200] "GET /.well-known/cf-custom-hostname-challenge/7fd19c66-e0be-4685-92a4-b1477167c0c6 HTTP/1.0" 404 3714 "https://invoiceflow.com.ng/.well-known/cf-custom-hostname-challenge/7fd19c66-e0be-4685-92a4-b1477167c0c6" "Cloudflare Custom Hostname Verification"
172.70.65.81 - - [03/Dec/2025:18:21:48 +0200] "GET /.well-known/cf-custom-hostname-challenge/7fd19c66-e0be-4685-92a4-b1477167c0c6 HTTP/1.0" 404 3715 "https://invoiceflow.com.ng/.well-known/cf-custom-hostname-challenge/7fd19c66-e0be-4685-92a4-b1477167c0c6" "Cloudflare Custom Hostname Verification"
172.70.15.145 - - [03/Dec/2025:18:23:26 +0200] "GET /.well-known/cf-custom-hostname-challenge/7fd19c66-e0be-4685-92a4-b1477167c0c6 HTTP/1.0" 404 3714 "https://invoiceflow.com.ng/.well-known/cf-custom-hostname-challenge/7fd19c66-e0be-4685-92a4-b1477167c0c6" "Cloudflare Custom Hostname Verification"
172.70.15.145 - - [03/Dec/2025:18:23:26 +0200] "GET /.well-known/cf-custom-hostname-challenge/7fd19c66-e0be-4685-92a4-b1477167c0c6 HTTP/1.0" 404 3715 "https://invoiceflow.com.ng/.well-known/cf-custom-hostname-challenge/7fd19c66-e0be-4685-92a4-b1477167c0c6" "Cloudflare Custom Hostname Verification"
172.70.65.81 - - [03/Dec/2025:18:25:12 +0200] "GET /.well-known/cf-custom-hostname-challenge/7fd19c66-e0be-4685-92a4-b1477167c0c6 HTTP/1.0" 404 3714 "https://invoiceflow.com.ng/.well-known/cf-custom-hostname-challenge/7fd19c66-e0be-4685-92a4-b1477167c0c6" "Cloudflare Custom Hostname Verification"
104.23.11.4 - - [03/Dec/2025:18:26:54 +0200] "GET /.well-known/cf-custom-hostname-challenge/7fd19c66-e0be-4685-92a4-b1477167c0c6 HTTP/1.0" 404 3715 "https://invoiceflow.com.ng/.well-known/cf-custom-hostname-challenge/7fd19c66-e0be-4685-92a4-b1477167c0c6" "Cloudflare Custom Hostname Verification"
172.70.21.211 - - [03/Dec/2025:18:28:42 +0200] "GET /.well-known/cf-custom-hostname-challenge/7fd19c66-e0be-4685-92a4-b1477167c0c6 HTTP/1.0" 404 3714 "https://invoiceflow.com.ng/.well-known/cf-custom-hostname-challenge/7fd19c66-e0be-4685-92a4-b1477167c0c6" "Cloudflare Custom Hostname Verification"
172.70.21.211 - - [03/Dec/2025:18:28:42 +0200] "GET /.well-known/cf-custom-hostname-challenge/7fd19c66-e0be-4685-92a4-b1477167c0c6 HTTP/1.0" 404 1051 "https://invoiceflow.com.ng/.well-known/cf-custom-hostname-challenge/7fd19c66-e0be-4685-92a4-b1477167c0c6" "Cloudflare Custom Hostname Verification"
104.22.243.203 - - [03/Dec/2025:18:30:21 +0200] "GET /.well-known/cf-custom-hostname-challenge/7fd19c66-e0be-4685-92a4-b1477167c0c6 HTTP/1.0" 404 3713 "https://invoiceflow.com.ng/.well-known/cf-custom-hostname-challenge/7fd19c66-e0be-4685-92a4-b1477167c0c6" "Cloudflare Custom Hostname Verification"
104.22.243.203 - - [03/Dec/2025:18:34:32 +0200] "GET /.well-known/cf-custom-hostname-challenge/7fd19c66-e0be-4685-92a4-b1477167c0c6 HTTP/1.0" 404 3713 "https://invoiceflow.com.ng/.well-known/cf-custom-hostname-challenge/7fd19c66-e0be-4685-92a4-b1477167c0c6" "Cloudflare Custom Hostname Verification"
104.22.243.203 - - [03/Dec/2025:18:34:32 +0200] "GET /.well-known/cf-custom-hostname-challenge/7fd19c66-e0be-4685-92a4-b1477167c0c6 HTTP/1.0" 404 1051 "https://invoiceflow.com.ng/.well-known/cf-custom-hostname-challenge/7fd19c66-e0be-4685-92a4-b1477167c0c6" "Cloudflare Custom Hostname Verification"
104.22.243.203 - - [03/Dec/2025:18:34:32 +0200] "GET /.well-known/cf-custom-hostname-challenge/7fd19c66-e0be-4685-92a4-b1477167c0c6 HTTP/1.0" 404 1051 "https://invoiceflow.com.ng/.well-known/cf-custom-hostname-challenge/7fd19c66-e0be-4685-92a4-b1477167c0c6" "Cloudflare Custom Hostname Verification"
172.70.17.143 - - [03/Dec/2025:18:45:06 +0200] "GET /.well-known/cf-custom-hostname-challenge/7fd19c66-e0be-4685-92a4-b1477167c0c6 HTTP/1.0" 404 3713 "https://invoiceflow.com.ng/.well-known/cf-custom-hostname-challenge/7fd19c66-e0be-4685-92a4-b1477167c0c6" "Cloudflare Custom Hostname Verification"
105.113.117.183 - - [03/Dec/2025:18:49:05 +0200] "GET / HTTP/1.0" 200 3487 "-" "Mozilla/5.0 (X11; Linux x86_64) AppleWebKit/537.36 (KHTML, like Gecko) Chrome/140.0.0.0 Safari/537.36 OPR/124.0.0.0"
105.113.117.183 - - [03/Dec/2025:18:49:39 +0200] "GET /favicon.ico HTTP/1.0" 404 3713 "https://www.invoiceflow.com.ng/" "Mozilla/5.0 (X11; Linux x86_64) AppleWebKit/537.36 (KHTML, like Gecko) Chrome/140.0.0.0 Safari/537.36 OPR/124.0.0.0"
105.113.117.183 - - [03/Dec/2025:18:49:46 +0200] "GET / HTTP/1.0" 200 3488 "-" "Mozilla/5.0 (X11; Linux x86_64) AppleWebKit/537.36 (KHTML, like Gecko) Chrome/140.0.0.0 Safari/537.36 OPR/124.0.0.0"
104.23.11.4 - - [03/Dec/2025:18:51:53 +0200] "GET /.well-known/cf-custom-hostname-challenge/7fd19c66-e0be-4685-92a4-b1477167c0c6 HTTP/1.0" 404 3715 "https://invoiceflow.com.ng/.well-known/cf-custom-hostname-challenge/7fd19c66-e0be-4685-92a4-b1477167c0c6" "Cloudflare Custom Hostname Verification"
205.169.39.200 - - [03/Dec/2025:19:06:39 +0200] "GET / HTTP/1.0" 200 3487 "-" "Mozilla/5.0 (Windows NT 6.1; Win64; x64) AppleWebKit/537.36 (KHTML, like Gecko) Chrome/83.0.4103.61 Safari/537.36"
205.169.39.200 - - [03/Dec/2025:19:06:45 +0200] "GET / HTTP/1.0" 200 3488 "-" "Mozilla/5.0 (Windows NT 10.0; Win64; x64) AppleWebKit/537.36 (KHTML, like Gecko) Chrome/79.0.3945.79 Safari/537.36"
172.70.65.6 - - [03/Dec/2025:19:07:31 +0200] "GET /.well-known/cf-custom-hostname-challenge/7fd19c66-e0be-4685-92a4-b1477167c0c6 HTTP/1.0" 404 3713 "https://invoiceflow.com.ng/.well-known/cf-custom-hostname-challenge/7fd19c66-e0be-4685-92a4-b1477167c0c6" "Cloudflare Custom Hostname Verification"
172.70.65.6 - - [03/Dec/2025:19:07:31 +0200] "GET /.well-known/cf-custom-hostname-challenge/7fd19c66-e0be-4685-92a4-b1477167c0c6 HTTP/1.0" 404 3714 "https://invoiceflow.com.ng/.well-known/cf-custom-hostname-challenge/7fd19c66-e0be-4685-92a4-b1477167c0c6" "Cloudflare Custom Hostname Verification"
105.113.99.252 - - [03/Dec/2025:19:41:58 +0200] "GET / HTTP/1.0" 200 3487 "-" "Mozilla/5.0 (X11; Linux x86_64) AppleWebKit/537.36 (KHTML, like Gecko) Chrome/140.0.0.0 Safari/537.36 OPR/124.0.0.0"
105.113.99.252 - - [03/Dec/2025:19:42:00 +0200] "GET /favicon.ico HTTP/1.0" 404 3714 "https://invoiceflow.com.ng/" "Mozilla/5.0 (X11; Linux x86_64) AppleWebKit/537.36 (KHTML, like Gecko) Chrome/140.0.0.0 Safari/537.36 OPR/124.0.0.0"
105.113.99.252 - - [03/Dec/2025:19:42:13 +0200] "GET / HTTP/1.0" 200 3488 "https://replit.com/" "Mozilla/5.0 (X11; Linux x86_64) AppleWebKit/537.36 (KHTML, like Gecko) Chrome/143.0.0.0 Safari/537.36"
105.113.99.252 - - [03/Dec/2025:19:42:14 +0200] "GET /favicon.ico HTTP/1.0" 404 3714 "https://invoiceflow.com.ng/" "Mozilla/5.0 (X11; Linux x86_64) AppleWebKit/537.36 (KHTML, like Gecko) Chrome/143.0.0.0 Safari/537.36"
105.113.99.252 - - [03/Dec/2025:19:42:40 +0200] "GET / HTTP/1.0" 200 3486 "-" "Mozilla/5.0 (Linux; Android 10; K) AppleWebKit/537.36 (KHTML, like Gecko) Chrome/142.0.0.0 Mobile Safari/537.36"
105.113.99.252 - - [03/Dec/2025:19:42:42 +0200] "GET /favicon.ico HTTP/1.0" 404 3715 "https://invoiceflow.com.ng/" "Mozilla/5.0 (Linux; Android 10; K) AppleWebKit/537.36 (KHTML, like Gecko) Chrome/142.0.0.0 Mobile Safari/537.36"